// Jest Snapshot v1, https://goo.gl/fbAQLP

exports[`fetchDevices Without Active Directory: hostAgents 1`] = `
[
  {
    "_class": [
      "HostAgent",
    ],
    "_key": "intune-host-agent:683dbff1-c8ff-4996-91ae-85484de46cfc",
    "_rawData": [],
    "_type": "intune_host_agent",
    "complianceState": "noncompliant",
    "compliant": false,
    "createdOn": undefined,
    "displayName": "Intune Host Agent",
    "function": [
      "endpoint-compliance",
      "endpoint-protection",
    ],
    "lastSeenOn": 1615335855000,
    "managementAgent": "mdm",
    "name": "intune-host-agent",
    "registrationState": "registered",
    "state": "managed",
  },
  {
    "_class": [
      "HostAgent",
    ],
    "_key": "intune-host-agent:1f75329e-51fc-451c-bd40-c457337641a4",
    "_rawData": [],
    "_type": "intune_host_agent",
    "complianceState": "unknown",
    "compliant": undefined,
    "createdOn": undefined,
    "displayName": "Intune Host Agent",
    "function": [
      "endpoint-compliance",
      "endpoint-protection",
    ],
    "lastSeenOn": 1613665618000,
    "managementAgent": "mdm",
    "name": "intune-host-agent",
    "registrationState": "registered",
    "state": "retireIssued",
  },
]
`;

exports[`fetchDevices Without Active Directory: managedDeviceRelationshipsNoAD 1`] = `
[
  {
    "_class": "HAS",
    "_key": "683dbff1-c8ff-4996-91ae-85484de46cfc|has|001d35fc-dd2b-4d17-9ffc-3bafa265e7d9",
    "_mapping": {
      "relationshipDirection": "REVERSE",
      "sourceEntityKey": "683dbff1-c8ff-4996-91ae-85484de46cfc",
      "targetEntity": {
        "_class": [
          "User",
        ],
        "_key": "001d35fc-dd2b-4d17-9ffc-3bafa265e7d9",
        "_type": "azure_user",
        "email": "redacted@email.com",
        "id": "001d35fc-dd2b-4d17-9ffc-3bafa265e7d9",
      },
      "targetFilterKeys": [
        [
          "_class",
          "id",
        ],
        [
          "_class",
          "email",
        ],
      ],
    },
    "_type": "azure_user_has_smartphone",
    "displayName": "HAS",
  },
  {
    "_class": "MANAGES",
    "_fromEntityKey": "intune-host-agent:683dbff1-c8ff-4996-91ae-85484de46cfc",
    "_key": "intune-host-agent:683dbff1-c8ff-4996-91ae-85484de46cfc|manages|683dbff1-c8ff-4996-91ae-85484de46cfc",
    "_toEntityKey": "683dbff1-c8ff-4996-91ae-85484de46cfc",
    "_type": "intune_host_agent_manages_smartphone",
    "displayName": "MANAGES",
  },
  {
    "_class": "MANAGES",
    "_fromEntityKey": "intune-host-agent:1f75329e-51fc-451c-bd40-c457337641a4",
    "_key": "intune-host-agent:1f75329e-51fc-451c-bd40-c457337641a4|manages|1f75329e-51fc-451c-bd40-c457337641a4",
    "_toEntityKey": "1f75329e-51fc-451c-bd40-c457337641a4",
    "_type": "intune_host_agent_manages_laptop",
    "displayName": "MANAGES",
  },
]
`;

exports[`fetchDevices Without Active Directory: managedDevices 1`] = `
[
  {
    "BYOD": true,
    "_class": [
      "Host",
      "Device",
    ],
    "_key": "683dbff1-c8ff-4996-91ae-85484de46cfc",
    "_rawData": [],
    "_type": "smartphone",
    "assetTag": "683dbff1-c8ff-4996-91ae-85484de46cfc",
    "category": "endpoint",
    "createdOn": undefined,
    "deviceCategoryDisplayName": "Unknown",
    "deviceId": "683dbff1-c8ff-4996-91ae-85484de46cfc",
    "deviceName": "[REDACTED]",
    "deviceType": "iPhone",
    "displayName": "[REDACTED]",
    "easDeviceId": false,
    "encrypted": true,
    "enrolledDateTime": 1613579085000,
    "ethernetMacAddress": null,
    "hardwareManufacturer": "Apple",
    "hardwareModel": "iPhone 11 Pro",
    "hardwareSerial": "C39ZQB9SN6XQ",
    "hardwareVendor": "Apple",
    "hardwareVersion": "iPhone 11 Pro",
    "hostname": "[REDACTED]",
    "iccid": null,
    "id": "683dbff1-c8ff-4996-91ae-85484de46cfc",
    "imei": "[REDACTED]",
    "ipAddress": undefined,
    "jailBroken": false,
    "lastSeenOn": 1615335855000,
    "lastSyncDateTime": 1615335855000,
    "lastUpdateDateTime": undefined,
    "macAddress": [
      "[redacted]",
    ],
    "make": "Apple",
    "managed": true,
    "meid": "[REDACTED]",
    "model": "iPhone 11 Pro",
    "name": "[REDACTED]",
    "osDetails": "iOS version 14.4",
    "osName": "iOS",
    "osVersion": "14.4",
    "ownerType": "personal",
    "phoneNumber": "[REDACTED]",
    "physical": true,
    "serial": "[REDACTED]",
    "serialNumber": "[REDACTED]",
    "supervised": false,
    "udid": null,
    "userDisplayName": "Michael Knoedel",
    "userEmails": [
      "redacted@email.com",
    ],
    "userId": "001d35fc-dd2b-4d17-9ffc-3bafa265e7d9",
    "username": "[REDACTED]",
    "version": "iPhone 11 Pro",
    "wifiMacAddress": "[REDACTED]",
  },
  {
    "BYOD": false,
    "_class": [
      "Host",
      "Device",
    ],
    "_key": "1f75329e-51fc-451c-bd40-c457337641a4",
    "_rawData": [],
    "_type": "laptop",
    "assetTag": "00000000-0000-0000-0000-000000000000",
    "category": "endpoint",
    "createdOn": undefined,
    "deviceCategoryDisplayName": "Unknown",
    "deviceId": "00000000-0000-0000-0000-000000000000",
    "deviceName": "[REDACTED]",
    "deviceType": "macMDM",
    "displayName": "[REDACTED]",
    "easDeviceId": false,
    "encrypted": true,
    "enrolledDateTime": 1613579883000,
    "ethernetMacAddress": null,
    "hardwareManufacturer": "Apple",
    "hardwareModel": "MacBook Pro",
    "hardwareSerial": "C02DG307MD6Q",
    "hardwareVendor": "Apple",
    "hardwareVersion": "MacBook Pro",
    "hostname": "[REDACTED]",
    "iccid": null,
    "id": "1f75329e-51fc-451c-bd40-c457337641a4",
    "imei": "",
    "ipAddress": undefined,
    "jailBroken": undefined,
    "lastSeenOn": 1613665618000,
    "lastSyncDateTime": 1613665618000,
    "lastUpdateDateTime": undefined,
    "macAddress": [
      "[redacted]",
    ],
    "make": "Apple",
    "managed": true,
    "meid": "",
    "model": "MacBook Pro",
    "name": "[REDACTED]",
    "osDetails": "macOS version 11.2.1 (20D74)",
    "osName": "macOS",
    "osVersion": "11.2.1 (20D74)",
    "ownerType": "company",
    "phoneNumber": "",
    "physical": true,
    "serial": "[REDACTED]",
    "serialNumber": "[REDACTED]",
    "supervised": true,
    "udid": null,
    "userDisplayName": "",
    "userEmails": undefined,
    "userId": "",
    "username": "",
    "version": "MacBook Pro",
    "wifiMacAddress": "[REDACTED]",
  },
]
`;
